warning: calling `.lock()` on a Mutex when a Python token is available may cause deadlocks
  --> $DIR/mutex_lock_py_attached.rs:10:18
   |
LL |     let _guard = mutex.lock().unwrap();
   |                  ^^^^^^^^^^^^
   |
   = help: consider using `.lock_py_attached(py)` instead, which safely detaches from the Python runtime before locking
   = note: `#[warn(mutex_lock_py_attached)]` on by default

warning: calling `.lock()` on a Mutex when a Python token is available may cause deadlocks
  --> $DIR/mutex_lock_py_attached.rs:14:18
   |
LL |     let _guard = mutex.lock();
   |                  ^^^^^^^^^^^^
   |
   = help: consider using `.lock_py_attached(py)` instead, which safely detaches from the Python runtime before locking

warning: calling `.lock()` on a Mutex when a Python token is available may cause deadlocks
  --> $DIR/mutex_lock_py_attached.rs:23:18
   |
LL |     let _guard = s.data.lock().unwrap();
   |                  ^^^^^^^^^^^^^
   |
   = help: consider using `.lock_py_attached(py)` instead, which safely detaches from the Python runtime before locking

warning: 3 warnings emitted

